// Jest Snapshot v1, https://goo.gl/fbAQLP

exports[`renders correctly 1`] = `"<Task uuid=\\"ABC\\" id={1} unfinishTask={[Function: mockConstructor]} finishTask={[Function: mockConstructor]} activateTask={[Function: mockConstructor]} deactivateTask={[Function: mockConstructor]} />"`;
