// Jest Snapshot v1, https://goo.gl/fbAQLP

exports[`renders correctly 1`] = `
<ForwardRef
  className="cmp-tag-list"
  gapless={false}
  style={Object {}}
>
  <ForwardRef
    className=""
    color={null}
    key="t端dlid端"
    onClick={[Function]}
    remove={false}
    renderAs="span"
    rounded={false}
    size={null}
    style={Object {}}
  >
    t端dlid端
  </ForwardRef>
</ForwardRef>
`;
